label: gpt
label-id: 12BCDFA1-7056-4FAF-9E15-3C2F2ED922E3
device: /dev/mmcblk0
unit: sectors
first-lba: 34
last-lba: 14876638

/dev/mmcblk0p1 : start=        8192, size=      262144, type=EBD0A0A2-B9E5-4433-87C0-68B6B72699C7, uuid=37248677-8980-4C3E-B95B-D6E99CC5F6F5, name="BOOT"
/dev/mmcblk0p2 : start=      270336, size=      262144, type=EBD0A0A2-B9E5-4433-87C0-68B6B72699C7, uuid=C2A3BD91-AF71-47CD-B64E-7C28A7814175, name="RECOVERY"
/dev/mmcblk0p3 : start=      532480, size=     4194304, type=EBD0A0A2-B9E5-4433-87C0-68B6B72699C7, uuid=0638E2ED-A313-4BC5-A4C9-52D8BF47220D, name="ROOTFS"
/dev/mmcblk0p4 : start=     4726784, size=     6291456, type=EBD0A0A2-B9E5-4433-87C0-68B6B72699C7, uuid=4C9AD965-62AD-47B8-BDF5-52CFA61BFB08, name="SYSTEM"
/dev/mmcblk0p5 : start=    11018240, size=           2, type=EBD0A0A2-B9E5-4433-87C0-68B6B72699C7, uuid=7BF52DDD-A4B8-4AC8-96A4-28D6D0B0AED8, name="MISC"
/dev/mmcblk0p6 : start=    11018242, size=     3858397, type=EBD0A0A2-B9E5-4433-87C0-68B6B72699C7, uuid=990E734E-AA89-487C-8796-764FCB60AB63, name="DATA"
